PS C:\Users\user\git_tutorial> git add hello_world.txt
fatal: pathspec 'hello_world.txt' did not match any files
PS C:\Users\user\git_tutorial> cd git_challenge
PS C:\Users\user\git_tutorial\git_challenge> git add hello_world.txt
PS C:\Users\user\git_tutorial\git_challenge> git commit -m "hello_world.txtを追加"
[main (root-commit) dd29b4f] hello_world.txtを追加
 1 file changed, 1 insertion(+)
 create mode 100644 hello_world.txt
PS C:\Users\user\git_tutorial\git_challenge> git add hello_world.txt
PS C:\Users\user\git_tutorial\git_challenge> git commit -m "日本語訳を追記"
[main f9dd640] 日本語訳を追記
 1 file changed, 2 insertions(+), 1 deletion(-)
PS C:\Users\user\git_tutorial\git_challenge> git log --oneline
f9dd640 (HEAD -> main) 日本語訳を追記
dd29b4f hello_world.txtを追加
PS C:\Users\user\git_tutorial\git_challenge> mkdir kadai_005


    ディレクトリ: C:\Users\user\git_tutorial\git_challenge


Mode                 LastWriteTime         Length Name
----                 -------------         ------ ----
d-----        2025/11/11     23:26                kadai_005

